App.tsx(751,30): error TS2345: Argument of type '{ acceptingOrders: boolean; startTime: any; endTime: any; deliveryUpiId: any; announcement: any; isAnnouncementActive: any; loyaltyPointsRatio: any; minimumPointsToRedeem: any; latestBroadcast: any; adminTokens: any; kotPrinters: any; }' is not assignable to parameter of type 'SetStateAction<{ acceptingOrders: boolean; startTime: string; endTime: string; deliveryUpiId: string; announcement: string; isAnnouncementActive: boolean; loyaltyPointsRatio: number; minimumPointsToRedeem: number; latestBroadcast: { ...; } | null; adminTokens: string[]; kotPrinters: { ...; }[]; selectedTheme: "class...'.
  Property 'selectedTheme' is missing in type '{ acceptingOrders: boolean; startTime: any; endTime: any; deliveryUpiId: any; announcement: any; isAnnouncementActive: any; loyaltyPointsRatio: any; minimumPointsToRedeem: any; latestBroadcast: any; adminTokens: any; kotPrinters: any; }' but required in type '{ acceptingOrders: boolean; startTime: string; endTime: string; deliveryUpiId: string; announcement: string; isAnnouncementActive: boolean; loyaltyPointsRatio: number; minimumPointsToRedeem: number; latestBroadcast: { title: string; body: string; timestamp: number; } | null; adminTokens: string[]; kotPrinters: { nam...'.
